d:\driver_study\vt\1\amd-v-reloaddbg\x64\release\vc143.pdb
d:\driver_study\vt\1\amd-v-reloaddbg\x64\release\hookfunc.obj
d:\driver_study\vt\1\amd-v-reloaddbg\x64\release\dbg.obj
d:\driver_study\vt\1\amd-v-reloaddbg\x64\release\svm.obj
d:\driver_study\vt\1\amd-v-reloaddbg\x64\release\pagetable.obj
d:\driver_study\vt\1\amd-v-reloaddbg\x64\release\npthook.obj
d:\driver_study\vt\1\amd-v-reloaddbg\x64\release\hook.obj
d:\driver_study\vt\1\amd-v-reloaddbg\x64\release\basic.obj
d:\driver_study\vt\1\amd-v-reloaddbg\x64\release\main.obj
d:\driver_study\vt\1\amd-v-reloaddbg\x64\release\amd-v-reloaddbg.sys
d:\driver_study\vt\1\amd-v-reloaddbg\x64\release\amd-v-reloaddbg.pdb
d:\driver_study\vt\1\amd-v-reloaddbg\x64\release\common.obj
d:\driver_study\vt\1\amd-v-reloaddbg\x64\release\hook_asm.obj
d:\driver_study\vt\1\amd-v-reloaddbg\x64\release\svm_asm.obj
d:\driver_study\vt\1\amd-v-reloaddbg\x64\release\amd-v-reloaddbg.cer
d:\driver_study\vt\1\amd-v-reloaddbg\x64\release\amd-v-reloaddbg.tlog\cl.command.1.tlog
d:\driver_study\vt\1\amd-v-reloaddbg\x64\release\amd-v-reloaddbg.tlog\cl.items.tlog
d:\driver_study\vt\1\amd-v-reloaddbg\x64\release\amd-v-reloaddbg.tlog\cl.read.1.tlog
d:\driver_study\vt\1\amd-v-reloaddbg\x64\release\amd-v-reloaddbg.tlog\cl.write.1.tlog
d:\driver_study\vt\1\amd-v-reloaddbg\x64\release\amd-v-reloaddbg.tlog\link.command.1.tlog
d:\driver_study\vt\1\amd-v-reloaddbg\x64\release\amd-v-reloaddbg.tlog\link.read.1.tlog
d:\driver_study\vt\1\amd-v-reloaddbg\x64\release\amd-v-reloaddbg.tlog\link.secondary.1.tlog
d:\driver_study\vt\1\amd-v-reloaddbg\x64\release\amd-v-reloaddbg.tlog\link.write.1.tlog
d:\driver_study\vt\1\amd-v-reloaddbg\x64\release\amd-v-reloaddbg.tlog\masm.read.1u.tlog
d:\driver_study\vt\1\amd-v-reloaddbg\x64\release\amd-v-reloaddbg.tlog\masm.write.1u.tlog
d:\driver_study\vt\1\amd-v-reloaddbg\x64\release\amd-v-reloaddbg.tlog\signtool.command.1.tlog
d:\driver_study\vt\1\amd-v-reloaddbg\x64\release\amd-v-reloaddbg.tlog\signtool.read.1.tlog
d:\driver_study\vt\1\amd-v-reloaddbg\x64\release\amd-v-reloaddbg.tlog\signtool.timestamp.1.tlog
d:\driver_study\vt\1\amd-v-reloaddbg\x64\release\amd-v-reloaddbg.tlog\signtool.write.1.tlog
